// Jest Snapshot v1, https://goo.gl/fbAQLP

exports[`packages_list_row renders 1`] = `
<div
  class="gl-display-flex gl-flex-direction-column gl-border-b-solid gl-border-t-solid gl-border-t-1 gl-border-b-1 gl-border-t-transparent gl-border-b-gray-100"
  data-testid="package-row"
>
  <div
    class="gl-display-flex gl-align-items-center gl-py-3"
  >
    <div
      class="gl-w-7 gl-display-flex gl-justify-content-start gl-pl-2"
    >
      <gl-form-checkbox-stub
        class="gl-m-0"
        id="2"
      />
    </div>
     
    <div
      class="gl-display-flex gl-xs-flex-direction-column gl-justify-content-space-between gl-align-items-stretch gl-flex-grow-1"
    >
      <div
        class="gl-display-flex gl-flex-direction-column gl-xs-mb-3 gl-min-w-0 gl-flex-grow-1"
      >
        <div
          class="gl-display-flex gl-align-items-center gl-text-body gl-font-weight-bold gl-min-h-6 gl-min-w-0"
        >
          <div
            class="gl-display-flex gl-align-items-center gl-mr-3 gl-min-w-0"
          >
            <router-link-stub
              ariacurrentvalue="page"
              class="gl-text-body gl-min-w-0"
              data-testid="details-link"
              event="click"
              tag="a"
              to="[object Object]"
            >
              <gl-truncate-stub
                position="end"
                text="@gitlab-org/package-15"
              />
            </router-link-stub>
             
            <!---->
          </div>
           
          <!---->
        </div>
         
        <div
          class="gl-display-flex gl-align-items-center gl-text-gray-500 gl-min-h-6 gl-min-w-0 gl-flex-grow-1"
        >
          <div
            class="gl-display-flex gl-align-items-center"
            data-testid="left-secondary-infos"
          >
            <gl-truncate-stub
              class="gl-max-w-15 gl-md-max-w-26"
              position="end"
              text="1.0.0"
              withtooltip="true"
            />
             
            <span
              class="gl-ml-2"
              data-testid="package-type"
            >
              Â· npm
            </span>
          </div>
        </div>
      </div>
       
      <div
        class="gl-display-flex gl-flex-direction-column gl-sm-align-items-flex-end gl-justify-content-space-between gl-text-gray-500 gl-flex-shrink-0"
      >
        <div
          class="gl-display-flex gl-align-items-center gl-sm-text-body gl-sm-font-weight-bold gl-min-h-6"
        >
          <publish-method-stub />
        </div>
         
        <div
          class="gl-display-flex gl-align-items-center gl-min-h-6"
        >
          <span
            data-testid="right-secondary"
          >
            Published 
            <time
              class=""
              datetime="2020-05-17T14:23:32Z"
              title="May 17, 2020 2:23pm UTC"
            >
              1 month ago
            </time>
          </span>
        </div>
      </div>
    </div>
     
    <div
      class="gl-w-9 gl-display-flex gl-justify-content-end gl-pr-1"
    >
      <gl-disclosure-dropdown-stub
        autoclose="true"
        category="tertiary"
        data-testid="delete-dropdown"
        icon="ellipsis_v"
        items=""
        nocaret="true"
        placement="left"
        positioningstrategy="absolute"
        size="medium"
        textsronly="true"
        toggleid="dropdown-toggle-btn-3"
        toggletext="More actions"
        variant="default"
      >
        <gl-disclosure-dropdown-item-stub
          data-testid="action-delete"
        >
          <span
            class="gl-text-red-500"
          >
            
            Delete package
          
          </span>
        </gl-disclosure-dropdown-item-stub>
      </gl-disclosure-dropdown-stub>
    </div>
  </div>
   
  <!---->
</div>
`;
