// Jest Snapshot v1, https://goo.gl/fbAQLP

exports[`Form Footer Actions renders content properly 1`] = `
<footer
  class="gl-mt-5 footer-block"
>
  Bar Foo Abrakadabra
</footer>
`;
