// Jest Snapshot v1, https://goo.gl/fbAQLP

exports[`Blob Header Editing rendering matches the snapshot 1`] = `
<div
  class="js-file-title file-title-flex-parent"
>
  <div
    class="gl-display-flex gl-align-items-center gl-w-full"
  >
    <gl-form-input-stub
      class="form-control js-snippet-file-name"
      name="snippet_file_name"
      placeholder="File name (e.g. test.rb)"
      type="text"
      value="foo.md"
    />
     
    <!---->
  </div>
</div>
`;
